---
kind: pipeline
name: default

platform:
  os: linux
  arch: amd64

steps:
- name: build
  image: golang
  commands:
  - go build
  resources:
    limits:
      cpu: 200m
      memory: 100Mi
    requests:
      cpu: 100m
      memory: 50Mi

...
