---
kind: secret
type: external
external_data:
  password:
    path: secrets/data/docker
    name: password
  username:
    path: secrets/data/docker
    name: username

...
