---
kind: secret
type: general
data:
  password: >
    NGZhNjY5YWMxZjhlYzJkNzE1ODlkZDliN2I4MDMwOTEzNGZhZTk3ZjcyNzk5
    NzNmZmQ3ZWRmNGY0YWJmYjFlMGY3ZmI2MmQ2MmNjMDQ1NDQwNmU5Nzc5NTlm
    NDEyYzM2YzI1ZjdhOWVkOTc1OTI5YmE5OTY1ZGRhOTk3NTQ1NDAK
  username: >
    N2NmYjA3ODQwNTY1ODFlY2E5MGJmOWI1NDk0NDFhMTEK

...
